#-----------------------------------------------------------
# Vivado v2020.2 (64-bit)
# SW Build 3064766 on Wed Nov 18 09:12:45 MST 2020
# IP Build 3064653 on Wed Nov 18 14:17:31 MST 2020
# Start of session at: Tue Apr 27 00:39:40 2021
# Process ID: 9740
# Current directory: C:/Users/uzivatel/Documents/github/DE1_project/DE1_project
# Command line: vivado.exe -gui_launcher_event rodinguilauncherevent14792 C:\Users\uzivatel\Documents\github\DE1_project\DE1_project\DE1_project.xpr
# Log file: C:/Users/uzivatel/Documents/github/DE1_project/DE1_project/vivado.log
# Journal file: C:/Users/uzivatel/Documents/github/DE1_project/DE1_project\vivado.jou
#-----------------------------------------------------------
start_gui
open_project C:/Users/uzivatel/Documents/github/DE1_project/DE1_project/DE1_project.xpr
update_compile_order -fileset sources_1
# Disabling source management mode.  This is to allow the top design properties to be set without GUI intervention.
set_property source_mgmt_mode None [current_project]
set_property top tb_keyboard [get_filesets sim_1]
set_property top_lib xil_defaultlib [get_filesets sim_1]
# Re-enabling previously disabled source management mode.
set_property source_mgmt_mode All [current_project]
update_compile_order -fileset sim_1
launch_simulation
source tb_keyboard.tcl
reset_run synth_1
launch_runs impl_1 -to_step write_bitstream -jobs 2
wait_on_run impl_1
close_sim
