#-----------------------------------------------------------
# Vivado v2020.2 (64-bit)
# SW Build 3064766 on Wed Nov 18 09:12:45 MST 2020
# IP Build 3064653 on Wed Nov 18 14:17:31 MST 2020
# Start of session at: Mon Apr 19 21:09:22 2021
# Process ID: 12036
# Current directory: C:/Users/uzivatel/Documents/github/DE1_project/project_de1
# Command line: vivado.exe -gui_launcher_event rodinguilauncherevent10632 C:\Users\uzivatel\Documents\github\DE1_project\project_de1\project_de1.xpr
# Log file: C:/Users/uzivatel/Documents/github/DE1_project/project_de1/vivado.log
# Journal file: C:/Users/uzivatel/Documents/github/DE1_project/project_de1\vivado.jou
#-----------------------------------------------------------
start_gui
open_project C:/Users/uzivatel/Documents/github/DE1_project/project_de1/project_de1.xpr
update_compile_order -fileset sources_1
set_property SOURCE_SET sources_1 [get_filesets sim_1]
close [ open C:/Users/uzivatel/Documents/github/DE1_project/project_de1/project_de1.srcs/sim_1/new/tb_fsm.vhd w ]
add_files -fileset sim_1 C:/Users/uzivatel/Documents/github/DE1_project/project_de1/project_de1.srcs/sim_1/new/tb_fsm.vhd
update_compile_order -fileset sim_1
# Disabling source management mode.  This is to allow the top design properties to be set without GUI intervention.
set_property source_mgmt_mode None [current_project]
set_property top tb_fsm [get_filesets sim_1]
set_property top_lib xil_defaultlib [get_filesets sim_1]
# Re-enabling previously disabled source management mode.
set_property source_mgmt_mode All [current_project]
update_compile_order -fileset sim_1
update_compile_order -fileset sim_1
update_compile_order -fileset sim_1
launch_simulation
launch_simulation
source tb_fsm.tcl
current_wave_config {Untitled 1}
add_wave {{/tb_fsm/uut_fsm/s_state}} 
relaunch_sim
save_wave_config {C:/Users/uzivatel/Documents/github/DE1_project/project_de1/tb_fsm_behav.wcfg}
add_files -fileset sim_1 -norecurse C:/Users/uzivatel/Documents/github/DE1_project/project_de1/tb_fsm_behav.wcfg
set_property xsim.view C:/Users/uzivatel/Documents/github/DE1_project/project_de1/tb_fsm_behav.wcfg [get_filesets sim_1]
relaunch_sim
relaunch_sim
set_property -name {xsim.simulate.runtime} -value {10000ns} -objects [get_filesets sim_1]
relaunch_sim
close_sim
launch_simulation
open_wave_config C:/Users/uzivatel/Documents/github/DE1_project/project_de1/tb_fsm_behav.wcfg
source tb_fsm.tcl
relaunch_sim
relaunch_sim
relaunch_sim
relaunch_sim
relaunch_sim
relaunch_sim
relaunch_sim
relaunch_sim
relaunch_sim
